ca65 V2.18 - Ubuntu 2.19-1
Main file   : ./switch-toggle.s
Current file: ./switch-toggle.s

000000r 1               ; ------------------------------------------------------
000000r 1               ; Switch Toggle:
000000r 1               ; * Tests Arduino monitor program code that enables
000000r 1               ;   to use inputs IN1 to IN7 that are physically
000000r 1               ;   connected to push buttons to be used as
000000r 1               ;   toggle-switches.
000000r 1               ; * Pressing the push button toggles the state of
000000r 1               ;   an "emulated" toggle-switch, releasing it does not
000000r 1               ;   change the "toggle-switch" state. I.e., to turn the
000000r 1               ;   "emulated" toggle-switch on press the push-button,
000000r 1               ;   to turn the "emulated" toggle switch off, press
000000r 1               ;   the push button again.
000000r 1               ; * The Arduino test program configures inputs IN1 to
000000r 1               ;   IN4 to emulate toggle-switch while keeping inputs
000000r 1               ;   IN5 to IN7 act as standard push buttons. The change
000000r 1               ;   does not affect the MC14500B code.
000000r 1               ; ------------------------------------------------------
000000r 1               
000000r 1               
000000r 1               .include "system.inc"
000000r 2               ;
000000r 2               ; MC14500 assembler using ca65 macros
000000r 2               ; Yaroslav Veremenko (c) 2022
000000r 2               ;
000000r 2               
000000r 2               .feature ubiquitous_idents
000000r 2               .feature string_escapes
000000r 2               .setcpu "none"
000000r 2               
000000r 2               ; 0000 0: NOP0 = No change in registers. RR -> RR. FLG0 high.
000000r 2               ; 0001 1: LD   = Data -> RR
000000r 2               ; 0010 2: LDC  = !Data -> RR
000000r 2               ; 0011 3: AND  = RR * Data -> RR
000000r 2               ; 0100 4: ANDC = RR * !Data -> RR
000000r 2               ; 0101 5: OR   = RR + Data -> RR
000000r 2               ; 0110 6: ORC  = RR + !Data -> RR
000000r 2               ; 0111 7: XNOR = RR == Data -> RR
000000r 2               ; 1000 8: STO  = Store. RR -> Data. Write high if OEN.
000000r 2               ; 1001 9: STOC = Store complement. QRR -> Data. Write high if OEN.
000000r 2               ; 1010 A: IEN  = Input enable. D -> IEN.
000000r 2               ; 1011 B: OEN  = Output enable. D -> OEN.
000000r 2               ; 1100 C: JMP  = Jump. Jump high.
000000r 2               ; 1101 D: RTN  = Return. RTN high. 1 -> Skip.
000000r 2               ; 1110 E: SKZ  = Skip if zero. 1 -> Skip if RR == 0.
000000r 2               ; 1111 F: NOPF = No change in registers. RR -> RR. FLGF high.
000000r 2               
000000r 2               .define I_NOP0 0
000000r 2               .define I_LD 1
000000r 2               .define I_LDC 2
000000r 2               .define I_AND 3
000000r 2               .define I_ANDC 4
000000r 2               .define I_OR 5
000000r 2               .define I_ORC 6
000000r 2               .define I_XNOR 7
000000r 2               .define I_STO 8
000000r 2               .define I_STOC 9
000000r 2               .define I_IEN 10
000000r 2               .define I_OEN 11
000000r 2               .define I_JMP 12
000000r 2               .define I_RTN 13
000000r 2               .define I_SKZ 14
000000r 2               .define I_NOPF 15
000000r 2               
000000r 2               RR = $8
000000r 2               IN1 = $9
000000r 2               IN2 = $A
000000r 2               IN3 = $B
000000r 2               IN4 = $C
000000r 2               IN5 = $D
000000r 2               IN6 = $E
000000r 2               IN7 = $F
000000r 2               
000000r 2               MEM0 = $0
000000r 2               MEM1 = $1
000000r 2               MEM2 = $2
000000r 2               MEM3 = $3
000000r 2               MEM4 = $4
000000r 2               MEM5 = $5
000000r 2               MEM6 = $6
000000r 2               MEM7 = $7
000000r 2               
000000r 2               OUT0 = $8
000000r 2               OUT1 = $9
000000r 2               OUT2 = $A
000000r 2               OUT3 = $B
000000r 2               OUT4 = $C
000000r 2               OUT5 = $D
000000r 2               OUT6 = $E
000000r 2               OUT7 = $F
000000r 2               
000000r 2               .macro __lit_instr op, addr
000000r 2                   .if (addr > $0F)
000000r 2                       .error "Address overflow"
000000r 2                   .endif
000000r 2                   .byte <(((op) << 4) | ((<(addr)) & $0F))
000000r 2               .endmacro
000000r 2               
000000r 2               .macro __instr op, addr
000000r 2                   __lit_instr op, addr
000000r 2               .endmacro
000000r 2               
000000r 2               .macro nop0 addr    ; 0000: NOP0 = No change in registers. RR -> RR. FLG0 high.
000000r 2               .ifblank    addr
000000r 2                   __instr I_NOP0, 0
000000r 2               .else
000000r 2                   __instr I_NOP0, addr
000000r 2               .endif
000000r 2               .endmacro
000000r 2               .macro ld addr      ; 0001: LD
000000r 2                   __instr I_LD, addr
000000r 2               .endmacro
000000r 2               .macro ldc addr     ; 0010: LDC
000000r 2                   __instr I_LDC, addr
000000r 2               .endmacro
000000r 2               .macro and addr     ; 0011: AND
000000r 2                   __instr I_AND, addr
000000r 2               .endmacro
000000r 2               .macro andc addr    ; 0100: ANDC
000000r 2                   __instr I_ANDC, addr
000000r 2               .endmacro
000000r 2               .macro or addr      ; 0101: OR
000000r 2                   __instr I_OR, addr
000000r 2               .endmacro
000000r 2               .macro orc addr     ; 0110: ORC
000000r 2                   __instr I_ORC, addr
000000r 2               .endmacro
000000r 2               .macro xnor addr    ; 0111: XNOR
000000r 2                   __instr I_XNOR, addr
000000r 2               .endmacro
000000r 2               .macro sto addr     ; 1000: STO  = Store. RR -> Data. Write high if OEN.
000000r 2                   __instr I_STO, addr
000000r 2               .endmacro
000000r 2               .macro stoc addr    ; 1001: STOC = Store complement. QRR -> Data. Write high if OEN.
000000r 2                   __instr I_STOC, addr
000000r 2               .endmacro
000000r 2               .macro ien addr     ; 1010: IEN  = Input enable. D -> IEN.
000000r 2                   __instr I_IEN, addr
000000r 2               .endmacro
000000r 2               .macro oen addr     ; 1011: OEN  = Output enable. D -> OEN.
000000r 2                   __instr I_OEN, addr
000000r 2               .endmacro
000000r 2               .macro jmp addr     ; 1100: JMP  = Jump. Jump high.
000000r 2               .ifblank   addr
000000r 2                   __instr I_JMP, 0
000000r 2               .else
000000r 2                   __instr I_JMP, addr
000000r 2               .endif
000000r 2               .endmacro
000000r 2               .macro rtn          ; 1101: RTN  = Return. RTN high. 1 -> Skip.
000000r 2                   __instr I_RTN, 0
000000r 2               .endmacro
000000r 2               .macro skz          ; 1110: SKZ  = Skip if zero. 1 -> Skip if RR == 0.
000000r 2                   __instr I_SKZ, 0
000000r 2               .endmacro
000000r 2               .macro nopf addr    ; 1111: NOPF = No change
000000r 2               .ifblank   addr
000000r 2                   __instr I_NOPF, 0
000000r 2               .else
000000r 2                   __instr I_NOPF, addr
000000r 2               .endif
000000r 2               .endmacro
000000r 2               
000000r 1               
000000r 1               START = 0
000000r 1               
000000r 1               
000000r 1               .segment "CODE"
000000r 1               
000000r 1               ; ------------------------------------------------------
000000r 1               ; initialization
000000r 1               ; enable inputs and outputs
000000r 1               ; ------------------------------------------------------
000000r 1               
000000r 1  68               orc     RR          ; force 1 into RR regardless whether inputs and outputs were enabled
000001r 1  A8               ien     RR          ; enable inputs
000002r 1  B8               oen     RR          ; enable outputs
000003r 1               
000003r 1               ; ------------------------------------------------------
000003r 1               ; test loop just copies input to a corresponding output
000003r 1               ; and jumps to the start of the program
000003r 1               ; ------------------------------------------------------
000003r 1               
000003r 1  19 89 1A 8A  .repeat 7,I
000007r 1  1B 8B 1C 8C  
00000Br 1  1D 8D 1E 8E  
00000Fr 1  1F 8F        
000011r 1                   ld      IN1+I
000011r 1                   sto     OUT1+I
000011r 1               .endrepeat
000011r 1               
000011r 1  C0               jmp     START
000012r 1               
000012r 1               
